/COM,ANSYS RELEASE 2026 R1           BUILD 26.1      UP20260202       08:19:00

 *** WARNING ***                         ELAPSED TIME =       6.833   TIME= 08:19:03
 Element shape checking is currently inactive.  Issue SHPP,ON or         
 SHPP,WARN to reactivate, if desired.                                    

 *** WARNING ***                         ELAPSED TIME =       7.228   TIME= 08:19:03
 Material number 20 (used by element 50249) should normally have at      
 least one MP or one TB type command associated with it.  Output of      
 energy by material may not be available.                                

 *** WARNING ***                         ELAPSED TIME =       7.242   TIME= 08:19:03
 It has been detected that you are using reduced integration brick       
 elements along with the PCG solver (EQSLV,PCG).  Please verify that     
 you have multiple elements through the thickness in your model or       
 switch to the SPARSE solver (EQSLV,SPARSE).                             

 *** WARNING ***                         ELAPSED TIME =       9.068   TIME= 08:19:05
 Overconstraint may occur for Lagrange multiplier or MPC based contact   
 algorithm.                                                              

 *** WARNING ***                         ELAPSED TIME =       9.068   TIME= 08:19:05
 Certain contact elements (for example 45820 & 47666) overlap with       
 other.                                                                  

 *** WARNING ***                         ELAPSED TIME =      12.502   TIME= 08:19:08
 Multiple constraints have been applied on degree of freedom 1 of        
 contact node 679 (may be more nodes).  The program will remove certain  
 internal MPCs.  Please check the model carefully.                       
