
 Ansys Mechanical Enterprise Academic Student      


 *------------------------------------------------------------------*
 |                                                                  |
 |   W E L C O M E   T O   T H E   A N S Y S (R)  P R O G R A M     |
 |                                                                  |
 *------------------------------------------------------------------*




 ***************************************************************
 *         ANSYS MAPDL 2026 R1          LEGAL NOTICES          *
 ***************************************************************
 *                                                             *
 * Copyright (c) 2026 Synopsys, Inc. and ANSYS, Inc.           *
 * All rights reserved.                                        *
 * Unauthorized use, distribution or duplication is            *
 * prohibited.                                                 *
 *                                                             *
 * Ansys is a registered trademark of Ansys, Inc. or its       *
 * subsidiaries in the United States or other countries.       *
 * See the Ansys, Inc. online documentation or the Ansys, Inc. *
 * documentation CD or online help for the complete Legal      *
 * Notice.                                                     *
 *                                                             *
 ***************************************************************
 *                                                             *
 * THIS ANSYS SOFTWARE PRODUCT AND PROGRAM DOCUMENTATION       *
 * INCLUDE TRADE SECRETS AND CONFIDENTIAL AND PROPRIETARY      *
 * PRODUCTS OF ANSYS, INC., ITS SUBSIDIARIES, OR LICENSORS.    *
 * The software products and documentation are furnished by    *
 * Ansys, Inc. or its subsidiaries under a software license    *
 * agreement that contains provisions concerning               *
 * non-disclosure, copying, length and nature of use,          *
 * compliance with exporting laws, warranties, disclaimers,    *
 * limitations of liability, and remedies, and other           *
 * provisions.  The software products and documentation may be *
 * used, disclosed, transferred, or copied only in accordance  *
 * with the terms and conditions of that software license      *
 * agreement.                                                  *
 *                                                             *
 * Ansys, Inc. is a UL registered                              *
 * ISO 9001:2015 company.                                      *
 *                                                             *
 ***************************************************************
 *                                                             *
 * This product is subject to U.S. laws governing export and   *
 * re-export.                                                  *
 *                                                             *
 * For U.S. Government users, except as specifically granted   *
 * by the Ansys, Inc. software license agreement, the use,     *
 * duplication, or disclosure by the United States Government  *
 * is subject to restrictions stated in the Ansys, Inc.        *
 * software license agreement and FAR 12.212 (for non-DOD      *
 * licenses).                                                  *
 *                                                             *
 ***************************************************************

 2026 R1 
     
 Point Releases and Patches installed:   
     
 Ansys, Inc. License Manager 2026 R1 
 Discovery (full install) 2026 R1
 Core WB Files 2026 R1   
 optiSLang Core UI 2026 R1   
 CFX (includes CFD-Post) 2026 R1 
 Chemkin 2026 R1 
 EnSight 2026 R1 
 FENSAP-ICE 2026 R1  
 Fluent (includes CFD-Post) 2026 R1  
 Polyflow (includes CFD-Post) 2026 R1
 Forte (includes EnSight) 2026 R1
 Rocky 2026 R1   
 TurboGrid 2026 R1   
 ACIS Geometry Interface 2026 R1 
 AutoCAD Geometry Interface 2026 R1  
 Catia, Version 4 Geometry Interface 2026 R1 
 Catia, Version 5 Geometry Interface 2026 R1 
 Catia, Version 6 Geometry Interface 2026 R1 
 Creo Elements/Direct Modeling Geometry Interface 2026 R1
 Creo Parametric Geometry Interface 2026 R1  
 Inventor Geometry Interface 2026 R1 
 JTOpen Geometry Interface 2026 R1   
 NX Geometry Interface 2026 R1   
 Parasolid Geometry Interface  2026 R1   
 Solid Edge Geometry Interface 2026 R1   
 SOLIDWORKS Geometry Interface 2026 R1   
 Speos 2026 R1   
 SpaceClaim 2026 R1  
 Speos RPC 2026 R1   
 Zemax OpticStudio 2026 R1   
 Dynamic Reporting 2026 R1   
 Aqwa 2026 R1
 Autodyn 2026 R1 
 Material Calibration App 2026 R1
 Mechanical Products 2026 R1 
 Motion 2026 R1  
 Academic Student 2026 R1


          *****  MAPDL COMMAND LINE ARGUMENTS  *****
  BATCH MODE REQUESTED (-b)    = NOLIST
  INPUT FILE COPY MODE (-c)    = COPY
  DISTRIBUTED MEMORY PARALLEL REQUESTED
       2 PARALLEL PROCESSES REQUESTED WITH SINGLE THREAD PER PROCESS
    TOTAL OF     2 CORES REQUESTED
  INPUT FILE NAME              = F:\CoME\Forth Semester\Practice FEM\Git_upload\05_Contact_Analysis\1_klevis_pin_analysis\ansys\project_files\_ProjectScratch\ScrFCDC\dummy.dat
  OUTPUT FILE NAME             = F:\CoME\Forth Semester\Practice FEM\Git_upload\05_Contact_Analysis\1_klevis_pin_analysis\ansys\project_files\_ProjectScratch\ScrFCDC\solve.out
  START-UP FILE MODE           = NOREAD
  STOP FILE MODE               = NOREAD

 RELEASE= 2026 R1              BUILD= 26.1      UP20260202   VERSION=WINDOWS x64 
 CURRENT JOBNAME=file0  07:09:46  JUL 25, 2026  Elapsed Time=       0.125


 PARAMETER _DS_PROGRESS =     999.0000000    

 /INPUT FILE= ds.dat  LINE=       0



 *** NOTE ***                            ELAPSED TIME =       5.562   TIME= 07:09:47
 The /CONFIG,NOELDB command is not valid in a distributed memory         
 parallel solution.  Command is ignored.                                 

 *GET  _WALLSTRT  FROM  ACTI  ITEM=TIME WALL  VALUE= 0.155370136E-02

 TITLE= 
 complete assembly_klevis_pin--Static Structural (B5)                          

  ACT Extensions:
      LSDYNA, 2026.1
      5f463412-bd3e-484b-87e7-cbc0a665e474, wbex
      ANSYSMotion, 2026.1
      20180725-3f81-49eb-9f31-41364844c769, wbex

 SET PARAMETER DIMENSIONS ON  _WB_PROJECTSCRATCH_DIR
  TYPE=STRI  DIMENSIONS=      248        1        1

 PARAMETER _WB_PROJECTSCRATCH_DIR(1) = F:\CoME\Forth Semester\Practice FEM\Git_upload\05_Contact_Analysis\1_klevis_pin_analysis\ansys\project_files\_ProjectScratch\ScrFCDC\

 SET PARAMETER DIMENSIONS ON  _WB_SOLVERFILES_DIR
  TYPE=STRI  DIMENSIONS=      248        1        1

 PARAMETER _WB_SOLVERFILES_DIR(1) = F:\CoME\Forth Semester\Practice FEM\Git_upload\05_Contact_Analysis\1_klevis_pin_analysis\ansys\project_files\complete assembly_klevis_pin_files\dp0\SYS\MECH\

 SET PARAMETER DIMENSIONS ON  _WB_USERFILES_DIR
  TYPE=STRI  DIMENSIONS=      248        1        1

 PARAMETER _WB_USERFILES_DIR(1) = F:\CoME\Forth Semester\Practice FEM\Git_upload\05_Contact_Analysis\1_klevis_pin_analysis\ansys\project_files\complete assembly_klevis_pin_files\user_files\
 --- Data in consistent NMM units. See Solving Units in the help system for more

 MPA UNITS SPECIFIED FOR INTERNAL    
  LENGTH      = MILLIMETERS (mm)
  MASS        = TONNE (Mg)
  TIME        = SECONDS (sec)
  TEMPERATURE = CELSIUS (C)
  TOFFSET     = 273.0
  FORCE       = NEWTON (N)
  HEAT        = MILLIJOULES (mJ)

 INPUT  UNITS ARE ALSO SET TO MPA 

 *** MAPDL - ENGINEERING ANALYSIS SYSTEM  RELEASE 2026 R1          26.1     ***
 Ansys Mechanical Enterprise Academic Student      
 01055371  VERSION=WINDOWS x64   07:09:47  JUL 25, 2026 Elapsed Time=      5.599

 complete assembly_klevis_pin--Static Structural (B5)                          



          ***** MAPDL ANALYSIS DEFINITION (PREP7) *****
 *********** Send User Defined Coordinate System(s) ***********
 *********** Nodes for the whole assembly ***********
 *********** Elements for Body 1 'pin' ***********
 *********** Elements for Body 2 'u shape' ***********
 *********** Elements for Body 3 'york' ***********
 *********** Set Reference Temperature ***********
 *********** Send Materials ***********
 *********** Create Contact "No Separation - pin To u shape" ***********
             Real Constant Set For Above Contact Is 5 & 4
 *********** Create Contact "No Separation - pin To york" ***********
             Real Constant Set For Above Contact Is 7 & 6
 *********** Create Contact "No Separation - u shape To york" ***********
             Real Constant Set For Above Contact Is 9 & 8
 *********** Fixed Supports ***********
 *********** Define Pressure Using Surface Effect Elements "Pressure" **********


 ***** ROUTINE COMPLETED *****  ELAPSED TIME =         5.884


 --- Number of total nodes = 35536
 --- Number of contact elements = 2082
 --- Number of spring elements = 0
 --- Number of bearing elements = 0
 --- Number of solid elements = 21395
 --- Number of condensed parts = 0
 --- Number of total elements = 23477

 *GET  _WALLBSOL  FROM  ACTI  ITEM=TIME WALL  VALUE= 0.163560989E-02
 ****************************************************************************
 *************************    SOLUTION       ********************************
 ****************************************************************************

 *****  MAPDL SOLUTION ROUTINE  *****


 PERFORM A STATIC ANALYSIS
  THIS WILL BE A NEW ANALYSIS

 PARAMETER _THICKRATIO =     1.000000000    

 USE PRECONDITIONED CONJUGATE GRADIENT SOLVER
  CONVERGENCE TOLERANCE = 1.00000E-08
  MAXIMUM ITERATION     = NumNode*DofPerNode*  1.0000    

 CONTACT INFORMATION PRINTOUT LEVEL       1

 CHECK INITIAL OPEN/CLOSED STATUS OF SELECTED CONTACT ELEMENTS
      AND LIST DETAILED CONTACT PAIR INFORMATION

 SPLIT CONTACT SURFACES AT SOLVE PHASE

    NUMBER OF SPLITTING TBD BY PROGRAM

 DO NOT COMBINE ELEMENT MATRIX FILES (.emat) AFTER DISTRIBUTED PARALLEL SOLUTION

 DO NOT COMBINE ELEMENT SAVE DATA FILES (.esav) AFTER DISTRIBUTED PARALLEL SOLUTION

 NLDIAG: Nonlinear diagnostics CONT option is set to ON. 
         Writing frequency : each ITERATION.

 DO NOT SAVE ANY RESTART FILES AT ALL
 ****************************************************
 ******************* SOLVE FOR LS 1 OF 1 ****************

 SELECT       FOR ITEM=TYPE COMPONENT=    
  IN RANGE        10 TO         10 STEP          1

        158  ELEMENTS (OF      23477  DEFINED) SELECTED BY  ESEL  COMMAND.

 SELECT      ALL NODES HAVING ANY ELEMENT IN ELEMENT SET.

        351 NODES (OF      35536  DEFINED) SELECTED FROM
      158 SELECTED ELEMENTS BY NSLE COMMAND.

 GENERATE SURFACE LOAD PRES ON SURFACE DEFINED BY ALL SELECTED NODES
 VALUES= -1.00000000      0.00000000    

 NUMBER OF PRES ELEMENT FACE LOADS STORED =        158

 ALL SELECT   FOR ITEM=NODE COMPONENT=    
  IN RANGE         1 TO      35536 STEP          1

      35536  NODES (OF      35536  DEFINED) SELECTED BY NSEL  COMMAND.

 ALL SELECT   FOR ITEM=ELEM COMPONENT=    
  IN RANGE         1 TO      29173 STEP          1

      23477  ELEMENTS (OF      23477  DEFINED) SELECTED BY  ESEL  COMMAND.

 ALL SELECT   FOR ITEM=ELEM COMPONENT=    
  IN RANGE         1 TO      29173 STEP          1

      23477  ELEMENTS (OF      23477  DEFINED) SELECTED BY  ESEL  COMMAND.

 PRINTOUT RESUMED BY /GOP

 USE       1 SUBSTEPS INITIALLY THIS LOAD STEP FOR ALL  DEGREES OF FREEDOM
 FOR AUTOMATIC TIME STEPPING:
   USE      1 SUBSTEPS AS A MAXIMUM
   USE      1 SUBSTEPS AS A MINIMUM

 TIME=  1.0000    

 ERASE THE CURRENT DATABASE OUTPUT CONTROL TABLE.


 WRITE ALL  ITEMS TO THE DATABASE WITH A FREQUENCY OF NONE
   FOR ALL APPLICABLE ENTITIES

 WRITE NSOL ITEMS TO THE DATABASE WITH A FREQUENCY OF ALL 
   FOR ALL APPLICABLE ENTITIES

 WRITE RSOL ITEMS TO THE DATABASE WITH A FREQUENCY OF ALL 
   FOR ALL APPLICABLE ENTITIES

 WRITE EANG ITEMS TO THE DATABASE WITH A FREQUENCY OF ALL 
   FOR ALL APPLICABLE ENTITIES

 WRITE ETMP ITEMS TO THE DATABASE WITH A FREQUENCY OF ALL 
   FOR ALL APPLICABLE ENTITIES

 WRITE VENG ITEMS TO THE DATABASE WITH A FREQUENCY OF ALL 
   FOR ALL APPLICABLE ENTITIES

 WRITE STRS ITEMS TO THE DATABASE WITH A FREQUENCY OF ALL 
   FOR ALL APPLICABLE ENTITIES

 WRITE EPEL ITEMS TO THE DATABASE WITH A FREQUENCY OF ALL 
   FOR ALL APPLICABLE ENTITIES

 WRITE EPPL ITEMS TO THE DATABASE WITH A FREQUENCY OF ALL 
   FOR ALL APPLICABLE ENTITIES

 WRITE CONT ITEMS TO THE DATABASE WITH A FREQUENCY OF ALL 
   FOR ALL APPLICABLE ENTITIES

 *GET  ANSINTER_  FROM  ACTI  ITEM=INT        VALUE=  0.00000000    

 *IF  ANSINTER_  ( =   0.00000     )  NE  
      0  ( =   0.00000     )  THEN    

 *ENDIF

 *** NOTE ***                            ELAPSED TIME =       6.027   TIME= 07:09:47
 The automatic domain decomposition logic has selected the MESH domain   
 decomposition method with 2 processes per solution.                     

 *****  MAPDL SOLVE    COMMAND  *****

 *** WARNING ***                         ELAPSED TIME =       6.234   TIME= 07:09:47
 Element shape checking is currently inactive.  Issue SHPP,ON or         
 SHPP,WARN to reactivate, if desired.                                    

 *** NOTE ***                            ELAPSED TIME =       6.348   TIME= 07:09:47
 The model data was checked and warning messages were found.             
  Please review output or errors file ( F:\CoME\Forth Semester\Practice  
 FEM\Git_upload\05_Contact_Analysis\1_klevis_pin_analysis\ansys\project_ 
 _files\_ProjectScratch\ScrFCDC\file0.err ) for these warning messages.  

 *** SELECTION OF ELEMENT TECHNOLOGIES FOR APPLICABLE ELEMENTS ***
      --- GIVE SUGGESTIONS AND RESET THE KEY OPTIONS ---

 ELEMENT TYPE         1 IS SOLID186. KEYOPT(2)=0 IS SUGGESTED AND HAS BEEN RESET.
  KEYOPT(1-12)=    0    0    0    0    0    0    0    0    0    0    0    0

 ELEMENT TYPE         2 IS SOLID187. IT IS NOT ASSOCIATED WITH FULLY INCOMPRESSIBLE
 HYPERELASTIC MATERIALS. NO SUGGESTION IS AVAILABLE AND NO RESETTING IS NEEDED.

 ELEMENT TYPE         3 IS SOLID187. IT IS NOT ASSOCIATED WITH FULLY INCOMPRESSIBLE
 HYPERELASTIC MATERIALS. NO SUGGESTION IS AVAILABLE AND NO RESETTING IS NEEDED.



 *** MAPDL - ENGINEERING ANALYSIS SYSTEM  RELEASE 2026 R1          26.1     ***
 Ansys Mechanical Enterprise Academic Student      
 01055371  VERSION=WINDOWS x64   07:09:47  JUL 25, 2026 Elapsed Time=      6.354

 complete assembly_klevis_pin--Static Structural (B5)                          



                       S O L U T I O N   O P T I O N S

   PROBLEM DIMENSIONALITY. . . . . . . . . . . . .3-D                  
   DEGREES OF FREEDOM. . . . . . UX   UY   UZ  
   ANALYSIS TYPE . . . . . . . . . . . . . . . . .STATIC (STEADY-STATE)
   OFFSET TEMPERATURE FROM ABSOLUTE ZERO . . . . .  273.15    
   EQUATION SOLVER OPTION. . . . . . . . . . . . .PCG                
      TOLERANCE. . . . . . . . . . . . . . . . . . 1.00000E-08
   GLOBALLY ASSEMBLED MATRIX . . . . . . . . . . .SYMMETRIC  

 *** WARNING ***                         ELAPSED TIME =       6.384   TIME= 07:09:47
 Material number 10 (used by element 29016) should normally have at      
 least one MP or one TB type command associated with it.  Output of      
 energy by material may not be available.                                

 *** NOTE ***                            ELAPSED TIME =       6.391   TIME= 07:09:48
 The step data was checked and warning messages were found.              
  Please review output or errors file ( F:\CoME\Forth Semester\Practice  
 FEM\Git_upload\05_Contact_Analysis\1_klevis_pin_analysis\ansys\project_ 
 _files\_ProjectScratch\ScrFCDC\file0.err ) for these warning messages.  

 *** WARNING ***                         ELAPSED TIME =       6.392   TIME= 07:09:48
 It has been detected that you are using reduced integration brick       
 elements along with the PCG solver (EQSLV,PCG).  Please verify that     
 you have multiple elements through the thickness in your model or       
 switch to the SPARSE solver (EQSLV,SPARSE).                             

 *** NOTE ***                            ELAPSED TIME =       6.393   TIME= 07:09:48
 The conditions for direct assembly have been met.  No .emat or .erot    
 files will be produced.                                                 

 TRIM CONTACT/TARGET SURFACE
 START TRIMMING SMALL/BONDED CONTACT PAIRS FOR DMP RUN.                  

     424 CONTACT ELEMENTS &     547 TARGET ELEMENTS ARE DELETED DUE TO TRIMMING LOGIC.
       3 CONTACT PAIRS ARE REMOVED. 

 CHECK INITIAL OPEN/CLOSED STATUS OF SELECTED CONTACT ELEMENTS
      AND LIST DETAILED CONTACT PAIR INFORMATION

 *** NOTE ***                            ELAPSED TIME =       6.814   TIME= 07:09:48
 The largest contact pair has few number of contact elements than the    
 optimal domain size for the specified number of CPU domains.  As a      
 result, no contact pairs were split.                                    

 *** NOTE ***                            ELAPSED TIME =       6.827   TIME= 07:09:48
 The maximum number of contact elements in any single contact pair is    
 330, which is smaller than the optimal domain size of 2741 elements     
 for the given number of CPU domains (2).  Therefore, no contact pairs   
 are being split by the CNCH,DMP logic.                                  

 *** NOTE ***                            ELAPSED TIME =       6.995   TIME= 07:09:48
 Deformable-deformable contact pair identified by real constant set 5    
 and contact element type 4 has been set up.                             
 Linear contact is defined
 Contact algorithm: Augmented Lagrange method
 Contact detection at: Gauss integration point
 Contact stiffness factor FKN                  10.000    
 The resulting initial contact stiffness      0.11470E+08
 Default penetration tolerance factor FTOLN   0.10000    
 The resulting penetration tolerance          0.34873    
 Default opening contact stiffness OPSF will be used.
 Frictionless contact pair is defined
 Use constant contact stiffness
 Average contact surface length                4.7142    
 Average contact pair depth                    3.4873    
 Average target surface length                 5.0882    
 Default pinball region factor PINB           0.25000    
 The resulting pinball region                 0.87183    
 Initial penetration/gap is excluded.
 No-separation contact (always)               is defined.

 *** NOTE ***                            ELAPSED TIME =       7.016   TIME= 07:09:48
 Max.  Initial penetration 9.838481944E-04 was detected between contact  
 element 27337 and target element 27154.                                 
 You may move entire target surface by : x= -6.902540391E-04, y=         
 -7.010752587E-04, z= 3.355017588E-07,to reduce initial penetration.     
  
 Max.  Geometric gap 1.291298403E-03 has been detected between contact   
 element 27336 and target element 27155.                                 
 ****************************************
  

 *** NOTE ***                            ELAPSED TIME =       7.016   TIME= 07:09:48
 Deformable-deformable contact pair identified by real constant set 7    
 and contact element type 6 has been set up.                             
 Linear contact is defined
 Contact algorithm: Augmented Lagrange method
 Contact detection at: Gauss integration point
 Contact stiffness factor FKN                  10.000    
 The resulting initial contact stiffness      0.10823E+08
 Default penetration tolerance factor FTOLN   0.10000    
 The resulting penetration tolerance          0.36957    
 Default opening contact stiffness OPSF will be used.
 Frictionless contact pair is defined
 Use constant contact stiffness
 Average contact surface length                5.3083    
 Average contact pair depth                    3.6957    
 Average target surface length                 5.0882    
 Default pinball region factor PINB           0.25000    
 The resulting pinball region                 0.92393    
 Initial penetration/gap is excluded.
 No-separation contact (always)               is defined.

 *** NOTE ***                            ELAPSED TIME =       7.017   TIME= 07:09:48
 Max.  Initial penetration 5.620914971E-04 was detected between contact  
 element 27664 and target element 27544.                                 
 You may move entire target surface by : x= -1.633931954E-07, y=         
 -5.62091451E-04, z= 1.585309923E-07,to reduce initial penetration.      
  
 Max.  Geometric gap 1.213828825E-03 has been detected between contact   
 element 27676 and target element 27532.                                 
 ****************************************
  

 *** NOTE ***                            ELAPSED TIME =       7.017   TIME= 07:09:48
 Deformable-deformable contact pair identified by real constant set 9    
 and contact element type 8 has been set up.                             
 Linear contact is defined
 Contact algorithm: Augmented Lagrange method
 Contact detection at: Gauss integration point
 Contact stiffness factor FKN                  10.000    
 The resulting initial contact stiffness      0.10277E+08
 Default penetration tolerance factor FTOLN   0.10000    
 The resulting penetration tolerance          0.38922    
 Default opening contact stiffness OPSF will be used.
 Frictionless contact pair is defined
 Use constant contact stiffness
 Average contact surface length                5.0714    
 Average contact pair depth                    3.8922    
 Average target surface length                 5.4828    
 Default pinball region factor PINB           0.25000    
 The resulting pinball region                 0.97305    
 Initial penetration/gap is excluded.
 No-separation contact (always)               is defined.

 *** NOTE ***                            ELAPSED TIME =       7.017   TIME= 07:09:48
 Max.  Initial penetration 1.421085472E-14 was detected between contact  
 element 28443 and target element 27921.                                 
 ****************************************
  
  
  

  
  
     D I S T R I B U T E D   D O M A I N   D E C O M P O S E R
  
  ...Number of elements: 22506
  ...Number of nodes:    35536
  ...Decompose to 2 CPU domains
  ...Element load balance ratio =     1.013


                      L O A D   S T E P   O P T I O N S

   LOAD STEP NUMBER. . . . . . . . . . . . . . . .     1
   TIME AT END OF THE LOAD STEP. . . . . . . . . .  1.0000    
   NUMBER OF SUBSTEPS. . . . . . . . . . . . . . .     1
   STEP CHANGE BOUNDARY CONDITIONS . . . . . . . .    NO
   PRINT OUTPUT CONTROLS . . . . . . . . . . . . .NO PRINTOUT
   DATABASE OUTPUT CONTROLS
      ITEM     FREQUENCY   COMPONENT
       ALL       NONE               
      NSOL        ALL               
      RSOL        ALL               
      EANG        ALL               
      ETMP        ALL               
      VENG        ALL               
      STRS        ALL               
      EPEL        ALL               
      EPPL        ALL               
      CONT        ALL               


 SOLUTION MONITORING INFO IS WRITTEN TO FILE= file.mntr                                                                                                                                                                                                                                                           

 *** NOTE ***                            ELAPSED TIME =       7.567   TIME= 07:09:49
 Deformable-deformable contact pair identified by real constant set 5    
 and contact element type 4 has been set up.                             
 Linear contact is defined
 Contact algorithm: Augmented Lagrange method
 Contact detection at: Gauss integration point
 Contact stiffness factor FKN                  10.000    
 The resulting initial contact stiffness      0.11470E+08
 Default penetration tolerance factor FTOLN   0.10000    
 The resulting penetration tolerance          0.34873    
 Default opening contact stiffness OPSF will be used.
 Frictionless contact pair is defined
 Use constant contact stiffness
 Average contact surface length                4.7142    
 Average contact pair depth                    3.4873    
 Average target surface length                 5.0882    
 Default pinball region factor PINB           0.25000    
 The resulting pinball region                 0.87183    
 Initial penetration/gap is excluded.
 No-separation contact (always)               is defined.

 *** NOTE ***                            ELAPSED TIME =       7.567   TIME= 07:09:49
 Max.  Initial penetration 9.838481944E-04 was detected between contact  
 element 27337 and target element 27154.                                 
 You may move entire target surface by : x= -6.902540391E-04, y=         
 -7.010752587E-04, z= 3.355017588E-07,to reduce initial penetration.     
  
 Max.  Geometric gap 1.291298403E-03 has been detected between contact   
 element 27336 and target element 27155.                                 
 ****************************************
  

 *** NOTE ***                            ELAPSED TIME =       7.567   TIME= 07:09:49
 Deformable-deformable contact pair identified by real constant set 7    
 and contact element type 6 has been set up.                             
 Linear contact is defined
 Contact algorithm: Augmented Lagrange method
 Contact detection at: Gauss integration point
 Contact stiffness factor FKN                  10.000    
 The resulting initial contact stiffness      0.10823E+08
 Default penetration tolerance factor FTOLN   0.10000    
 The resulting penetration tolerance          0.36957    
 Default opening contact stiffness OPSF will be used.
 Frictionless contact pair is defined
 Use constant contact stiffness
 Average contact surface length                5.3083    
 Average contact pair depth                    3.6957    
 Average target surface length                 5.0882    
 Default pinball region factor PINB           0.25000    
 The resulting pinball region                 0.92393    
 Initial penetration/gap is excluded.
 No-separation contact (always)               is defined.

 *** NOTE ***                            ELAPSED TIME =       7.568   TIME= 07:09:49
 Max.  Initial penetration 5.620914971E-04 was detected between contact  
 element 27664 and target element 27544.                                 
 You may move entire target surface by : x= -1.633931954E-07, y=         
 -5.62091451E-04, z= 1.585309923E-07,to reduce initial penetration.      
  
 Max.  Geometric gap 1.213828825E-03 has been detected between contact   
 element 27676 and target element 27532.                                 
 ****************************************
  


 *** NOTE ***                            ELAPSED TIME =       7.703   TIME= 07:09:49
 The PCG solver has automatically set the level of difficulty for this   
 model to 3.                                                             
  
 *************************************************
  SUMMARY FOR CONTACT PAIR IDENTIFIED BY REAL CONSTANT SET           5
 Max.  Penetration of -5.89288543E-14 has been detected between contact  
 element 27314 and target element 27094.                                 
  
 Max.  Geometrical gap of 1.291298403E-03 has been detected between      
 contact element 27336 and target element 27155.                         
  
 Max.  Geometrical penetration of -9.838481944E-04 has been detected     
 between contact element 27336 and target element 27155.                 
 For total 130 contact elements, there are 130 elements are in contact.  
 Contacting area 1256.61397.                                             
 Max.  Pinball distance 0.871827256.                                     
 One of the contact searching regions contains at least 9 target         
 elements.                                                               
 Max.  Pressure/force -7.476108952E-07.                                  
 Max.  Normal stiffness 11470162.2.                                      
 Min.  Normal stiffness 11470162.2.                                      
 *************************************************
  
 *************************************************
  SUMMARY FOR CONTACT PAIR IDENTIFIED BY REAL CONSTANT SET           7
 Max.  Penetration of -7.317491804E-14 has been detected between contact 
 element 27620 and target element 27504.                                 
  
 Max.  Geometrical gap of 1.213828825E-03 has been detected between      
 contact element 27676 and target element 27532.                         
  
 Max.  Geometrical penetration of -5.620914971E-04 has been detected     
 between contact element 27676 and target element 27532.                 
 For total 78 contact elements, there are 78 elements are in contact.    
 Contacting area 942.460057.                                             
 Max.  Pinball distance 0.923929506.                                     
 One of the contact searching regions contains at least 9 target         
 elements.                                                               
 Max.  Pressure/force 7.919967653E-07.                                   
 Max.  Normal stiffness 10823336.6.                                      
 Min.  Normal stiffness 10823336.6.                                      
 *************************************************


                         ***********  PRECISE MASS SUMMARY  ***********

   TOTAL RIGID BODY MASS MATRIX ABOUT ORIGIN
               Translational mass               |   Coupled translational/rotational mass
        0.30737E-02    0.0000        0.0000     |     0.0000       0.95026E-01   0.71768E-09
         0.0000       0.30737E-02    0.0000     |   -0.95026E-01    0.0000       0.53300    
         0.0000        0.0000       0.30737E-02 |   -0.71768E-09  -0.53300        0.0000    
     ------------------------------------------ | ------------------------------------------
                                                |         Rotational mass (inertia)
                                                |     4.8761       0.16781E-06   -19.084    
                                                |    0.16781E-06    114.58       0.11433E-07
                                                |    -19.084       0.11433E-07    110.94    

   TOTAL MASS = 0.30737E-02
     The mass principal axes coincide with the global Cartesian axes

   CENTER OF MASS (X,Y,Z)=    173.41      -0.23349E-06    30.916    

   TOTAL INERTIA ABOUT CENTER OF MASS
         1.9382       0.43356E-07   -2.6052    
        0.43356E-07    19.212      -0.10754E-07
        -2.6052      -0.10754E-07    18.514    

   PRINCIPAL INERTIAS =    1.5384        19.212        18.913    
   ORIENTATION VECTORS OF THE INERTIA PRINCIPAL AXES IN GLOBAL CARTESIAN
     ( 0.988,-0.000, 0.152) ( 0.000, 1.000,-0.000) (-0.152, 0.000, 0.988) 


  *** MASS SUMMARY BY ELEMENT TYPE ***

  TYPE      MASS
     1  0.197261E-03
     2  0.971180E-03
     3  0.190521E-02

 Range of element maximum matrix coefficients in global coordinates
 Maximum = 59836350.6 at element 28503.                                  
 Minimum = 297344.561 at element 9283.                                   

   *** ELEMENT MATRIX FORMULATION TIMES
     TYPE    NUMBER     ENAME   TOTAL ELAPSED   AVG ELAPSED

        1       336  SOLID186          0.1071   0.000318819
        2      7196  SOLID187          1.1508   0.000159926
        3     13863  SOLID187          2.3141   0.000166927
        4       130  CONTA174          0.0603   0.000463815
        5        72  TARGE170          0.0001   0.000001110
        6        78  CONTA174          0.0342   0.000438822
        7        60  TARGE170          0.0010   0.000016617
        8       330  CONTA174          0.1452   0.000439864
        9       283  TARGE170          0.0002   0.000000677
       10       158   SURF154          0.0068   0.000043226
 Elapsed Time at end of element matrix formulation = 9.937775.           
 Iteration=    10 Ratio=  0.111796     Limit=  1.000000E-08 Wall=     0.1
 Iteration=   125 Ratio=  9.108124E-04 Limit=  1.000000E-08 Wall=     1.3
 Iteration=   335 Ratio=  3.002141E-06 Limit=  1.000000E-08 Wall=     3.5
 Iteration=     5 Ratio=  0.585265     Limit=  1.004393E-03 Wall=     0.0
 Iteration=    10 Ratio=  0.658298     Limit=  1.004393E-03 Wall=     0.1
 Iteration=    30 Ratio=  0.308662     Limit=  1.004393E-03 Wall=     0.3
 Iteration=   485 Ratio=  8.487688E-05 Limit=  1.004393E-03 Wall=     5.0

 DISTRIBUTED PCG SOLVER SOLUTION CONVERGED

 DISTRIBUTED PCG SOLVER SOLUTION STATISTICS

   NUMBER OF ITERATIONS=         963
   NUMBER OF EQUATIONS =      106608
   CALCULATED NORM     = 0.87269E-08
   SPECIFIED TOLERANCE = 0.10000E-07
   TOTAL CPU TIME (sec)=        6.48
   TOTAL WALL TIME(sec)=       10.51
   TOTAL MEMORY (GB)   =        0.06


   *** ELEMENT RESULT CALCULATION TIMES
     TYPE    NUMBER     ENAME   TOTAL ELAPSED   AVG ELAPSED

        1       336  SOLID186          0.0531   0.000158141
        2      7196  SOLID187          0.6591   0.000091591
        3     13863  SOLID187          1.2858   0.000092749
        4       130  CONTA174          0.0134   0.000103218
        6        78  CONTA174          0.0065   0.000083123
        8       330  CONTA174          0.0461   0.000139650
       10       158   SURF154          0.0038   0.000024085

   *** NODAL LOAD CALCULATION TIMES
     TYPE    NUMBER     ENAME   TOTAL ELAPSED   AVG ELAPSED

        1       336  SOLID186          0.0066   0.000019527
        2      7196  SOLID187          0.1466   0.000020374
        3     13863  SOLID187          0.3230   0.000023299
        4       130  CONTA174          0.0026   0.000020120
        6        78  CONTA174          0.0014   0.000018568
        8       330  CONTA174          0.0075   0.000022806
       10       158   SURF154          0.0004   0.000002270
 *** LOAD STEP     1   SUBSTEP     1  COMPLETED.    CUM ITER =      1
 *** TIME =   1.00000         TIME INC =   1.00000      NEW TRIANG MATRIX


 *** MAPDL BINARY FILE STATISTICS
  BUFFER SIZE USED= 16384
        4.625 MB WRITTEN ON ELEMENT SAVED DATA FILE: file0.esav
        7.375 MB WRITTEN ON RESULTS FILE: file0.rst
 *************** Write FE CONNECTORS *********

 WRITE OUT CONSTRAINT EQUATIONS TO FILE= file.ce                                                                                                                                                                                                                                                             
 ****************************************************
 *************** FINISHED SOLVE FOR LS 1 *************

 FINISH SOLUTION PROCESSING


 ***** ROUTINE COMPLETED *****  ELAPSED TIME =        22.603



 *GET  _WALLASOL  FROM  ACTI  ITEM=TIME WALL  VALUE= 0.627879061E-02

 PRINTOUT RESUMED BY /GOP

 *GET  _PCGITER  FROM  ACTI  ITEM=SOLU CGIT  VALUE=  963.000000    

 *** MAPDL - ENGINEERING ANALYSIS SYSTEM  RELEASE 2026 R1          26.1     ***
 Ansys Mechanical Enterprise Academic Student      
 01055371  VERSION=WINDOWS x64   07:10:04  JUL 25, 2026 Elapsed Time=     22.618

 complete assembly_klevis_pin--Static Structural (B5)                          



          ***** MAPDL RESULTS INTERPRETATION (POST1) *****

 *** NOTE ***                            ELAPSED TIME =      22.618   TIME= 07:10:04
 Reading results into the database (SET command) will update the current 
 displacement and force boundary conditions in the database with the     
 values from the results file for that load set.  Note that any          
 subsequent solutions will use these values unless action is taken to    
 either SAVE the current values or not overwrite them (/EXIT,NOSAVE).    

 Set Encoding of XML File to:ISO-8859-1

 Set Output of XML File to:
     PARM,     ,     ,     ,     ,     ,     ,     ,     ,     ,     ,     ,
         ,     ,     ,     ,     ,     ,     ,

 DATABASE WRITTEN ON FILE  parm.xml                                                                                                                                                                                                                                                            

 EXIT THE MAPDL POST1 DATABASE PROCESSOR


 ***** ROUTINE COMPLETED *****  ELAPSED TIME =        22.622



 PRINTOUT RESUMED BY /GOP

 *GET  _WALLDONE  FROM  ACTI  ITEM=TIME WALL  VALUE= 0.628410633E-02

 PARAMETER _PREPTIME =    0.2948707000    

 PARAMETER _SOLVTIME =     16.71545060    

 PARAMETER _POSTTIME =    0.1913660000E-01

 PARAMETER _TOTALTIM =     17.02945790    

 *GET  _DLBRATIO  FROM  ACTI  ITEM=SOLU DLBR  VALUE=  1.01337430    

 *GET  _COMBTIME  FROM  ACTI  ITEM=SOLU COMB  VALUE= 0.199895700    

 *GET  _SSMODE   FROM  ACTI  ITEM=SOLU SSMM  VALUE=  2.00000000    

 *GET  _NDOFS    FROM  ACTI  ITEM=SOLU NDOF  VALUE=  106083.000    

 *GET  _SOL_END_TIME  FROM  ACTI  ITEM=SET  TIME  VALUE=  1.00000000    

 *IF  _sol_end_time  ( =   1.00000     )  EQ  
      1.000000  ( =   1.00000     )  THEN    

 /FCLEAN COMMAND REMOVING ALL LOCAL FILES

 *ENDIF
 --- Total number of nodes = 35536
 --- Total number of elements = 22506
 --- Element load balance ratio = 1.0133743
 --- Time to combine distributed files = 0.1998957
 --- Sparse memory mode = 2
 --- Number of DOF = 106083

 EXIT MAPDL WITHOUT SAVING DATABASE


 NUMBER OF WARNING MESSAGES ENCOUNTERED=          3
 NUMBER OF ERROR   MESSAGES ENCOUNTERED=          0

+--------------------- M A P D L   S T A T I S T I C S ------------------------+

Release: 2026 R1            Build: 26.1       Update: UP20260202   Platform: WINDOWS x64 
Date Run: 07/25/2026   Time: 07:10     Process ID: 16876
Operating System: Windows 10  (Build: 19045)

Processor Model: Intel(R) Core(TM) i3-6100U CPU @ 2.30GHz

Compiler: Intel(R) Fortran Compiler Classic Version 2021.9  (Build: 20230302)
          Intel(R) C/C++ Compiler Classic Version 2021.9  (Build: 20230302)
          Intel(R) oneAPI Math Kernel Library Version 2024.2.3-Product Build 20250403

Number of machines requested            :    1
Total number of cores available         :    4
Number of physical cores available      :    2
Number of processes requested           :    2
Number of threads per process requested :    1
Total number of cores requested         :    2 (Distributed Memory Parallel)               
MPI Type: INTELMPI
MPI Version: Intel(R) MPI Library 2021.16 for Windows* OS


GPU Acceleration: Not Requested

Job Name: file0
Input File: dummy.dat

  Core                Machine Name   Working Directory
 -----------------------------------------------------
     0             DESKTOP-U6BRQ9B   F:\CoME\Forth Semester\Practice FEM\Git_upload\05_Contact_Analysis\1_klevis_pin_analysis\ansys\project_files\_ProjectScratch\ScrFCDC
     1             DESKTOP-U6BRQ9B   F:\CoME\Forth Semester\Practice FEM\Git_upload\05_Contact_Analysis\1_klevis_pin_analysis\ansys\project_files\_ProjectScratch\ScrFCDC
 
Latency time from master to core     1 =   18.372 microseconds
 
Communication speed from master to core     1 =  2406.12 MB/sec

Total CPU time for main thread                    :       10.9 seconds
Total CPU time summed for all threads             :       11.7 seconds

Elapsed time spent obtaining a license            :        0.7 seconds
Elapsed time spent pre-processing model (/PREP7)  :        0.3 seconds
Elapsed time spent solution - preprocessing       :        1.3 seconds
Elapsed time spent computing solution             :       14.7 seconds
   Elapsed time in element formation & assembly   :        2.4 seconds
   Elapsed time in equation solver                :       10.7 seconds
   Elapsed time in element result calculations    :        1.5 seconds
Elapsed time spent solution - postprocessing      :        0.2 seconds
Elapsed time spent post-processing model (/POST1) :        0.0 seconds
 
Equation solver used                              :            PCG (symmetric)
PCG equation solver computational rate            :        3.8 Gflops

Sum of disk space used on all processes           :       48.3 MB

Sum of memory used on all processes               :      252.0 MB
Sum of memory allocated on all processes          :     2496.0 MB
Physical memory available                         :         12 GB
Total amount of I/O written to disk               :        0.1 GB
Total amount of I/O read from disk                :        0.0 GB

+------------------ E N D   M A P D L   S T A T I S T I C S -------------------+


 *-----------------------------------------------------------------------------*
 |                                                                             |
 |                               RUN COMPLETED                                 |
 |                                                                             |
 |-----------------------------------------------------------------------------|
 |                                                                             |
 |  Ansys MAPDL 2026 R1         Build 26.1         UP20260202    WINDOWS x64   |
 |                                                                             |
 |-----------------------------------------------------------------------------|
 |                                                                             |
 |  Database Requested(-db)     1024 MB     Scratch Memory Requested   1024 MB |
 |  Max Database Used(Master)     30 MB     Max Scratch Used(Master)    125 MB |
 |  Max Database Used(Workers)     1 MB     Max Scratch Used(Workers)    96 MB |
 |  Sum Database Used(All)        31 MB     Sum Scratch Used(All)       221 MB |
 |                                                                             |
 |-----------------------------------------------------------------------------|
 |                                                                             |
 |        CP Time      (sec) =         11.688       Time  =  07:10:24          |
 |        Elapsed Time (sec) =         43.330       Date  =  07/25/2026        |
 |                                                                             |
 *-----------------------------------------------------------------------------*
