
 Ansys Mechanical Enterprise Academic Student      


 *------------------------------------------------------------------*
 |                                                                  |
 |   W E L C O M E   T O   T H E   A N S Y S (R)  P R O G R A M     |
 |                                                                  |
 *------------------------------------------------------------------*




 ***************************************************************
 *         ANSYS MAPDL 2026 R1          LEGAL NOTICES          *
 ***************************************************************
 *                                                             *
 * Copyright (c) 2026 Synopsys, Inc. and ANSYS, Inc.           *
 * All rights reserved.                                        *
 * Unauthorized use, distribution or duplication is            *
 * prohibited.                                                 *
 *                                                             *
 * Ansys is a registered trademark of Ansys, Inc. or its       *
 * subsidiaries in the United States or other countries.       *
 * See the Ansys, Inc. online documentation or the Ansys, Inc. *
 * documentation CD or online help for the complete Legal      *
 * Notice.                                                     *
 *                                                             *
 ***************************************************************
 *                                                             *
 * THIS ANSYS SOFTWARE PRODUCT AND PROGRAM DOCUMENTATION       *
 * INCLUDE TRADE SECRETS AND CONFIDENTIAL AND PROPRIETARY      *
 * PRODUCTS OF ANSYS, INC., ITS SUBSIDIARIES, OR LICENSORS.    *
 * The software products and documentation are furnished by    *
 * Ansys, Inc. or its subsidiaries under a software license    *
 * agreement that contains provisions concerning               *
 * non-disclosure, copying, length and nature of use,          *
 * compliance with exporting laws, warranties, disclaimers,    *
 * limitations of liability, and remedies, and other           *
 * provisions.  The software products and documentation may be *
 * used, disclosed, transferred, or copied only in accordance  *
 * with the terms and conditions of that software license      *
 * agreement.                                                  *
 *                                                             *
 * Ansys, Inc. is a UL registered                              *
 * ISO 9001:2015 company.                                      *
 *                                                             *
 ***************************************************************
 *                                                             *
 * This product is subject to U.S. laws governing export and   *
 * re-export.                                                  *
 *                                                             *
 * For U.S. Government users, except as specifically granted   *
 * by the Ansys, Inc. software license agreement, the use,     *
 * duplication, or disclosure by the United States Government  *
 * is subject to restrictions stated in the Ansys, Inc.        *
 * software license agreement and FAR 12.212 (for non-DOD      *
 * licenses).                                                  *
 *                                                             *
 ***************************************************************

 2026 R1 
     
 Point Releases and Patches installed:   
     
 Ansys, Inc. License Manager 2026 R1 
 Discovery (full install) 2026 R1
 Core WB Files 2026 R1   
 optiSLang Core UI 2026 R1   
 CFX (includes CFD-Post) 2026 R1 
 Chemkin 2026 R1 
 EnSight 2026 R1 
 FENSAP-ICE 2026 R1  
 Fluent (includes CFD-Post) 2026 R1  
 Polyflow (includes CFD-Post) 2026 R1
 Forte (includes EnSight) 2026 R1
 Rocky 2026 R1   
 TurboGrid 2026 R1   
 ACIS Geometry Interface 2026 R1 
 AutoCAD Geometry Interface 2026 R1  
 Catia, Version 4 Geometry Interface 2026 R1 
 Catia, Version 5 Geometry Interface 2026 R1 
 Catia, Version 6 Geometry Interface 2026 R1 
 Creo Elements/Direct Modeling Geometry Interface 2026 R1
 Creo Parametric Geometry Interface 2026 R1  
 Inventor Geometry Interface 2026 R1 
 JTOpen Geometry Interface 2026 R1   
 NX Geometry Interface 2026 R1   
 Parasolid Geometry Interface  2026 R1   
 Solid Edge Geometry Interface 2026 R1   
 SOLIDWORKS Geometry Interface 2026 R1   
 Speos 2026 R1   
 SpaceClaim 2026 R1  
 Speos RPC 2026 R1   
 Zemax OpticStudio 2026 R1   
 Dynamic Reporting 2026 R1   
 Aqwa 2026 R1
 Autodyn 2026 R1 
 Material Calibration App 2026 R1
 Mechanical Products 2026 R1 
 Motion 2026 R1  
 Academic Student 2026 R1


          *****  MAPDL COMMAND LINE ARGUMENTS  *****
  BATCH MODE REQUESTED (-b)    = NOLIST
  INPUT FILE COPY MODE (-c)    = COPY
  DISTRIBUTED MEMORY PARALLEL REQUESTED
       2 PARALLEL PROCESSES REQUESTED WITH SINGLE THREAD PER PROCESS
    TOTAL OF     2 CORES REQUESTED
  INPUT FILE NAME              = C:\Users\MK\AppData\Local\Temp\WB_MK_20228_2\_ProjectScratch\Scr6556\dummy.dat
  OUTPUT FILE NAME             = C:\Users\MK\AppData\Local\Temp\WB_MK_20228_2\_ProjectScratch\Scr6556\solve.out
  START-UP FILE MODE           = NOREAD
  STOP FILE MODE               = NOREAD

 RELEASE= 2026 R1              BUILD= 26.1      UP20260202   VERSION=WINDOWS x64 
 CURRENT JOBNAME=file0  15:01:13  APR 30, 2026  Elapsed Time=       0.141


 PARAMETER _DS_PROGRESS =     999.0000000    

 /INPUT FILE= ds.dat  LINE=       0



 *** NOTE ***                            ELAPSED TIME =       5.404   TIME= 15:01:13
 The /CONFIG,NOELDB command is not valid in a distributed memory         
 parallel solution.  Command is ignored.                                 

 *GET  _WALLSTRT  FROM  ACTI  ITEM=TIME WALL  VALUE= 0.150776164E-02

 TITLE= 
 wbnew--Static Structural (B5)                                                 

  ACT Extensions:
      LSDYNA, 2026.1
      5f463412-bd3e-484b-87e7-cbc0a665e474, wbex
      ANSYSMotion, 2026.1
      20180725-3f81-49eb-9f31-41364844c769, wbex

 SET PARAMETER DIMENSIONS ON  _WB_PROJECTSCRATCH_DIR
  TYPE=STRI  DIMENSIONS=      248        1        1

 PARAMETER _WB_PROJECTSCRATCH_DIR(1) = C:\Users\MK\AppData\Local\Temp\WB_MK_20228_2\_ProjectScratch\Scr6556\

 SET PARAMETER DIMENSIONS ON  _WB_SOLVERFILES_DIR
  TYPE=STRI  DIMENSIONS=      248        1        1

 PARAMETER _WB_SOLVERFILES_DIR(1) = C:\Users\MK\AppData\Local\Temp\WB_MK_20228_2\wbnew_files\dp0\SYS\MECH\

 SET PARAMETER DIMENSIONS ON  _WB_USERFILES_DIR
  TYPE=STRI  DIMENSIONS=      248        1        1

 PARAMETER _WB_USERFILES_DIR(1) = C:\Users\MK\AppData\Local\Temp\WB_MK_20228_2\wbnew_files\user_files\
 --- Data in consistent NMM units. See Solving Units in the help system for more

 MPA UNITS SPECIFIED FOR INTERNAL    
  LENGTH      = MILLIMETERS (mm)
  MASS        = TONNE (Mg)
  TIME        = SECONDS (sec)
  TEMPERATURE = CELSIUS (C)
  TOFFSET     = 273.0
  FORCE       = NEWTON (N)
  HEAT        = MILLIJOULES (mJ)

 INPUT  UNITS ARE ALSO SET TO MPA 

 *** MAPDL - ENGINEERING ANALYSIS SYSTEM  RELEASE 2026 R1          26.1     ***
 Ansys Mechanical Enterprise Academic Student      
 01055371  VERSION=WINDOWS x64   15:01:13  APR 30, 2026 Elapsed Time=      5.432

 wbnew--Static Structural (B5)                                                 



          ***** MAPDL ANALYSIS DEFINITION (PREP7) *****
 *********** Send User Defined Coordinate System(s) ***********
 *********** Nodes for the whole assembly ***********
 *********** Elements for Body 1 'pin' ***********
 *********** Elements for Body 2 'u shape' ***********
 *********** Elements for Body 3 'york' ***********
 *********** Set Reference Temperature ***********
 *********** Send Materials ***********
 *********** Create Contact "No Separation - pin To u shape" ***********
             Real Constant Set For Above Contact Is 5 & 4
 *********** Create Contact "No Separation - pin To york" ***********
             Real Constant Set For Above Contact Is 7 & 6
 *********** Create Contact "No Separation - u shape To york" ***********
             Real Constant Set For Above Contact Is 9 & 8
 *********** Fixed Supports ***********
 *********** Define Pressure Using Surface Effect Elements "Pressure" **********


 ***** ROUTINE COMPLETED *****  ELAPSED TIME =         5.506


 --- Number of total nodes = 3310
 --- Number of contact elements = 476
 --- Number of spring elements = 0
 --- Number of bearing elements = 0
 --- Number of solid elements = 1464
 --- Number of condensed parts = 0
 --- Number of total elements = 1940

 *GET  _WALLBSOL  FROM  ACTI  ITEM=TIME WALL  VALUE= 0.152981344E-02
 ****************************************************************************
 *************************    SOLUTION       ********************************
 ****************************************************************************

 *****  MAPDL SOLUTION ROUTINE  *****


 PERFORM A STATIC ANALYSIS
  THIS WILL BE A NEW ANALYSIS

 PARAMETER _THICKRATIO =    0.3330000000    

 USE SPARSE MATRIX DIRECT SOLVER

 CONTACT INFORMATION PRINTOUT LEVEL       1

 CHECK INITIAL OPEN/CLOSED STATUS OF SELECTED CONTACT ELEMENTS
      AND LIST DETAILED CONTACT PAIR INFORMATION

 SPLIT CONTACT SURFACES AT SOLVE PHASE

    NUMBER OF SPLITTING TBD BY PROGRAM

 DO NOT COMBINE ELEMENT MATRIX FILES (.emat) AFTER DISTRIBUTED PARALLEL SOLUTION

 DO NOT COMBINE ELEMENT SAVE DATA FILES (.esav) AFTER DISTRIBUTED PARALLEL SOLUTION

 NLDIAG: Nonlinear diagnostics CONT option is set to ON. 
         Writing frequency : each ITERATION.

 DO NOT SAVE ANY RESTART FILES AT ALL
 ****************************************************
 ******************* SOLVE FOR LS 1 OF 1 ****************

 SELECT       FOR ITEM=TYPE COMPONENT=    
  IN RANGE        10 TO         10 STEP          1

         14  ELEMENTS (OF       1940  DEFINED) SELECTED BY  ESEL  COMMAND.

 SELECT      ALL NODES HAVING ANY ELEMENT IN ELEMENT SET.

         39 NODES (OF       3310  DEFINED) SELECTED FROM
       14 SELECTED ELEMENTS BY NSLE COMMAND.

 GENERATE SURFACE LOAD PRES ON SURFACE DEFINED BY ALL SELECTED NODES
 VALUES= -1.00000000      0.00000000    

 NUMBER OF PRES ELEMENT FACE LOADS STORED =         14

 ALL SELECT   FOR ITEM=NODE COMPONENT=    
  IN RANGE         1 TO       3310 STEP          1

       3310  NODES (OF       3310  DEFINED) SELECTED BY NSEL  COMMAND.

 ALL SELECT   FOR ITEM=ELEM COMPONENT=    
  IN RANGE         1 TO       2774 STEP          1

       1940  ELEMENTS (OF       1940  DEFINED) SELECTED BY  ESEL  COMMAND.

 ALL SELECT   FOR ITEM=ELEM COMPONENT=    
  IN RANGE         1 TO       2774 STEP          1

       1940  ELEMENTS (OF       1940  DEFINED) SELECTED BY  ESEL  COMMAND.

 PRINTOUT RESUMED BY /GOP

 USE       1 SUBSTEPS INITIALLY THIS LOAD STEP FOR ALL  DEGREES OF FREEDOM
 FOR AUTOMATIC TIME STEPPING:
   USE      1 SUBSTEPS AS A MAXIMUM
   USE      1 SUBSTEPS AS A MINIMUM

 TIME=  1.0000    

 ERASE THE CURRENT DATABASE OUTPUT CONTROL TABLE.


 WRITE ALL  ITEMS TO THE DATABASE WITH A FREQUENCY OF NONE
   FOR ALL APPLICABLE ENTITIES

 WRITE NSOL ITEMS TO THE DATABASE WITH A FREQUENCY OF ALL 
   FOR ALL APPLICABLE ENTITIES

 WRITE RSOL ITEMS TO THE DATABASE WITH A FREQUENCY OF ALL 
   FOR ALL APPLICABLE ENTITIES

 WRITE EANG ITEMS TO THE DATABASE WITH A FREQUENCY OF ALL 
   FOR ALL APPLICABLE ENTITIES

 WRITE ETMP ITEMS TO THE DATABASE WITH A FREQUENCY OF ALL 
   FOR ALL APPLICABLE ENTITIES

 WRITE VENG ITEMS TO THE DATABASE WITH A FREQUENCY OF ALL 
   FOR ALL APPLICABLE ENTITIES

 WRITE STRS ITEMS TO THE DATABASE WITH A FREQUENCY OF ALL 
   FOR ALL APPLICABLE ENTITIES

 WRITE EPEL ITEMS TO THE DATABASE WITH A FREQUENCY OF ALL 
   FOR ALL APPLICABLE ENTITIES

 WRITE EPPL ITEMS TO THE DATABASE WITH A FREQUENCY OF ALL 
   FOR ALL APPLICABLE ENTITIES

 WRITE CONT ITEMS TO THE DATABASE WITH A FREQUENCY OF ALL 
   FOR ALL APPLICABLE ENTITIES

 *GET  ANSINTER_  FROM  ACTI  ITEM=INT        VALUE=  0.00000000    

 *IF  ANSINTER_  ( =   0.00000     )  NE  
      0  ( =   0.00000     )  THEN    

 *ENDIF

 *** NOTE ***                            ELAPSED TIME =       5.601   TIME= 15:01:14
 The automatic domain decomposition logic has selected the MESH domain   
 decomposition method with 2 processes per solution.                     

 *****  MAPDL SOLVE    COMMAND  *****

 *** WARNING ***                         ELAPSED TIME =       5.618   TIME= 15:01:14
 Element shape checking is currently inactive.  Issue SHPP,ON or         
 SHPP,WARN to reactivate, if desired.                                    

 *** NOTE ***                            ELAPSED TIME =       5.629   TIME= 15:01:14
 The model data was checked and warning messages were found.             
  Please review output or errors file (                                  
 C:\Users\MK\AppData\Local\Temp\WB_MK_20228_2\_ProjectScratch\Scr6556\fi 
 ile0.err ) for these warning messages.                                  

 *** SELECTION OF ELEMENT TECHNOLOGIES FOR APPLICABLE ELEMENTS ***
      --- GIVE SUGGESTIONS AND RESET THE KEY OPTIONS ---

 ELEMENT TYPE         1 IS SOLID186. KEYOPT(2)=0 IS SUGGESTED AND HAS BEEN RESET.
  KEYOPT(1-12)=    0    0    0    0    0    0    0    0    0    0    0    0

 ELEMENT TYPE         2 IS SOLID187. IT IS NOT ASSOCIATED WITH FULLY INCOMPRESSIBLE
 HYPERELASTIC MATERIALS. NO SUGGESTION IS AVAILABLE AND NO RESETTING IS NEEDED.

 ELEMENT TYPE         3 IS SOLID187. IT IS NOT ASSOCIATED WITH FULLY INCOMPRESSIBLE
 HYPERELASTIC MATERIALS. NO SUGGESTION IS AVAILABLE AND NO RESETTING IS NEEDED.



 *** MAPDL - ENGINEERING ANALYSIS SYSTEM  RELEASE 2026 R1          26.1     ***
 Ansys Mechanical Enterprise Academic Student      
 01055371  VERSION=WINDOWS x64   15:01:14  APR 30, 2026 Elapsed Time=      5.631

 wbnew--Static Structural (B5)                                                 



                       S O L U T I O N   O P T I O N S

   PROBLEM DIMENSIONALITY. . . . . . . . . . . . .3-D                  
   DEGREES OF FREEDOM. . . . . . UX   UY   UZ  
   ANALYSIS TYPE . . . . . . . . . . . . . . . . .STATIC (STEADY-STATE)
   OFFSET TEMPERATURE FROM ABSOLUTE ZERO . . . . .  273.15    
   EQUATION SOLVER OPTION. . . . . . . . . . . . .SPARSE             
   GLOBALLY ASSEMBLED MATRIX . . . . . . . . . . .SYMMETRIC  

 *** WARNING ***                         ELAPSED TIME =       5.638   TIME= 15:01:14
 Material number 10 (used by element 2761) should normally have at least 
 one MP or one TB type command associated with it.  Output of energy by  
 material may not be available.                                          

 *** NOTE ***                            ELAPSED TIME =       5.640   TIME= 15:01:14
 The step data was checked and warning messages were found.              
  Please review output or errors file (                                  
 C:\Users\MK\AppData\Local\Temp\WB_MK_20228_2\_ProjectScratch\Scr6556\fi 
 ile0.err ) for these warning messages.                                  

 *** NOTE ***                            ELAPSED TIME =       5.640   TIME= 15:01:14
 The conditions for direct assembly have been met.  No .emat or .erot    
 files will be produced.                                                 

 TRIM CONTACT/TARGET SURFACE
 START TRIMMING SMALL/BONDED CONTACT PAIRS FOR DMP RUN.                  

     129 CONTACT ELEMENTS &     102 TARGET ELEMENTS ARE DELETED DUE TO TRIMMING LOGIC.
       3 CONTACT PAIRS ARE REMOVED. 

 CHECK INITIAL OPEN/CLOSED STATUS OF SELECTED CONTACT ELEMENTS
      AND LIST DETAILED CONTACT PAIR INFORMATION

 *** NOTE ***                            ELAPSED TIME =       5.759   TIME= 15:01:14
 The largest contact pair has few number of contact elements than the    
 optimal domain size for the specified number of CPU domains.  As a      
 result, no contact pairs were split.                                    

 *** NOTE ***                            ELAPSED TIME =       5.760   TIME= 15:01:14
 The maximum number of contact elements in any single contact pair is    
 54, which is smaller than the optimal domain size of 195 elements for   
 the given number of CPU domains (2).  Therefore, no contact pairs are   
 being split by the CNCH,DMP logic.                                      

 *** NOTE ***                            ELAPSED TIME =       5.792   TIME= 15:01:14
 Deformable-deformable contact pair identified by real constant set 5    
 and contact element type 4 has been set up.                             
 Linear contact is defined
 Contact algorithm: Augmented Lagrange method
 Contact detection at: Gauss integration point
 Contact stiffness factor FKN                  10.000    
 The resulting initial contact stiffness      0.54319E+07
 Default penetration tolerance factor FTOLN   0.10000    
 The resulting penetration tolerance          0.73639    
 Default opening contact stiffness OPSF will be used.
 Frictionless contact pair is defined
 Use constant contact stiffness
 Average contact surface length                12.809    
 Average contact pair depth                    7.3639    
 Average target surface length                 7.4632    
 Default pinball region factor PINB           0.25000    
 The resulting pinball region                  1.8410    
 Initial penetration/gap is excluded.
 No-separation contact (always)               is defined.

 *** NOTE ***                            ELAPSED TIME =       5.795   TIME= 15:01:14
 Max.  Initial penetration 1.177775574E-02 was detected between contact  
 element 2386 and target element 2317.                                   
 You may move entire target surface by : x= 8.352270212E-03, y=          
 8.30383786E-03, z= -3.727563132E-05,to reduce initial penetration.      
 ****************************************
  

 *** NOTE ***                            ELAPSED TIME =       5.795   TIME= 15:01:14
 Deformable-deformable contact pair identified by real constant set 7    
 and contact element type 6 has been set up.                             
 Linear contact is defined
 Contact algorithm: Augmented Lagrange method
 Contact detection at: Gauss integration point
 Contact stiffness factor FKN                  10.000    
 The resulting initial contact stiffness      0.56464E+07
 Default penetration tolerance factor FTOLN   0.10000    
 The resulting penetration tolerance          0.70842    
 Default opening contact stiffness OPSF will be used.
 Frictionless contact pair is defined
 Use constant contact stiffness
 Average contact surface length                10.418    
 Average contact pair depth                    7.0842    
 Average target surface length                 7.4632    
 Default pinball region factor PINB           0.25000    
 The resulting pinball region                  1.7710    
 Initial penetration/gap is excluded.
 No-separation contact (always)               is defined.

 *** NOTE ***                            ELAPSED TIME =       5.795   TIME= 15:01:14
 Max.  Initial penetration 1.177779218E-02 was detected between contact  
 element 2493 and target element 2429.                                   
 You may move entire target surface by : x= -8.352270212E-03, y=         
 8.30383786E-03, z= -4.740983515E-05,to reduce initial penetration.      
 ****************************************
  

 *** NOTE ***                            ELAPSED TIME =       5.795   TIME= 15:01:14
 Deformable-deformable contact pair identified by real constant set 9    
 and contact element type 8 has been set up.                             
 Linear contact is defined
 Contact algorithm: Augmented Lagrange method
 Contact detection at: Gauss integration point
 Contact stiffness factor FKN                  10.000    
 The resulting initial contact stiffness      0.44471E+07
 Default penetration tolerance factor FTOLN   0.10000    
 The resulting penetration tolerance          0.89946    
 Default opening contact stiffness OPSF will be used.
 Frictionless contact pair is defined
 Use constant contact stiffness
 Average contact surface length                13.254    
 Average contact pair depth                    8.9946    
 Average target surface length                 12.900    
 Default pinball region factor PINB           0.25000    
 The resulting pinball region                  2.2486    
 Initial penetration/gap is excluded.
 No-separation contact (always)               is defined.

 *** NOTE ***                            ELAPSED TIME =       5.795   TIME= 15:01:14
 Max.  Initial penetration 7.105427358E-15 was detected between contact  
 element 2653 and target element 2564.                                   
 ****************************************
  
  
  

  
  
     D I S T R I B U T E D   D O M A I N   D E C O M P O S E R
  
  ...Number of elements: 1709
  ...Number of nodes:    3310
  ...Decompose to 2 CPU domains
  ...Element load balance ratio =     1.046


                      L O A D   S T E P   O P T I O N S

   LOAD STEP NUMBER. . . . . . . . . . . . . . . .     1
   TIME AT END OF THE LOAD STEP. . . . . . . . . .  1.0000    
   NUMBER OF SUBSTEPS. . . . . . . . . . . . . . .     1
   STEP CHANGE BOUNDARY CONDITIONS . . . . . . . .    NO
   PRINT OUTPUT CONTROLS . . . . . . . . . . . . .NO PRINTOUT
   DATABASE OUTPUT CONTROLS
      ITEM     FREQUENCY   COMPONENT
       ALL       NONE               
      NSOL        ALL               
      RSOL        ALL               
      EANG        ALL               
      ETMP        ALL               
      VENG        ALL               
      STRS        ALL               
      EPEL        ALL               
      EPPL        ALL               
      CONT        ALL               


 SOLUTION MONITORING INFO IS WRITTEN TO FILE= file.mntr                                                                                                                                                                                                                                                           

 *** NOTE ***                            ELAPSED TIME =       5.902   TIME= 15:01:14
 Deformable-deformable contact pair identified by real constant set 5    
 and contact element type 4 has been set up.                             
 Linear contact is defined
 Contact algorithm: Augmented Lagrange method
 Contact detection at: Gauss integration point
 Contact stiffness factor FKN                  10.000    
 The resulting initial contact stiffness      0.54319E+07
 Default penetration tolerance factor FTOLN   0.10000    
 The resulting penetration tolerance          0.73639    
 Default opening contact stiffness OPSF will be used.
 Frictionless contact pair is defined
 Use constant contact stiffness
 Average contact surface length                12.809    
 Average contact pair depth                    7.3639    
 Average target surface length                 7.4632    
 Default pinball region factor PINB           0.25000    
 The resulting pinball region                  1.8410    
 Initial penetration/gap is excluded.
 No-separation contact (always)               is defined.

 *** NOTE ***                            ELAPSED TIME =       5.902   TIME= 15:01:14
 Max.  Initial penetration 1.177775574E-02 was detected between contact  
 element 2386 and target element 2317.                                   
 You may move entire target surface by : x= 8.352270212E-03, y=          
 8.30383786E-03, z= -3.727563132E-05,to reduce initial penetration.      
 ****************************************
  

  
 *************************************************
  SUMMARY FOR CONTACT PAIR IDENTIFIED BY REAL CONSTANT SET           5
 Max.  Penetration of -5.675995225E-14 has been detected between contact 
 element 2391 and target element 2322.                                   
  
 Max.  Geometrical gap of 6.254229753E-03 has been detected between      
 contact element 2397 and target element 2301.                           
  
 Max.  Geometrical penetration of -1.177775574E-02 has been detected     
 between contact element 2397 and target element 2301.                   
 For total 24 contact elements, there are 24 elements are in contact.    
 Contacting area 1256.35771.                                             
 Max.  Pinball distance 1.84096708.                                      
 One of the contact searching regions contains at least 9 target         
 elements.                                                               
 Max.  Pressure/force 3.083159542E-07.                                   
 Max.  Normal stiffness 5431927.65.                                      
 Min.  Normal stiffness 5431927.65.                                      
 *************************************************


                         ***********  PRECISE MASS SUMMARY  ***********

   TOTAL RIGID BODY MASS MATRIX ABOUT ORIGIN
               Translational mass               |   Coupled translational/rotational mass
        0.30736E-02    0.0000        0.0000     |     0.0000       0.95023E-01   0.28799E-09
         0.0000       0.30736E-02    0.0000     |   -0.95023E-01    0.0000       0.53299    
         0.0000        0.0000       0.30736E-02 |   -0.28799E-09  -0.53299        0.0000    
     ------------------------------------------ | ------------------------------------------
                                                |         Rotational mass (inertia)
                                                |     4.8758       0.13806E-05   -19.083    
                                                |    0.13806E-05    114.57       0.16540E-06
                                                |    -19.083       0.16540E-06    110.94    

   TOTAL MASS = 0.30736E-02
     The mass principal axes coincide with the global Cartesian axes

   CENTER OF MASS (X,Y,Z)=    173.41      -0.93695E-07    30.915    

   TOTAL INERTIA ABOUT CENTER OF MASS
         1.9381       0.13306E-05   -2.6051    
        0.13306E-05    19.212       0.15649E-06
        -2.6051       0.15649E-06    18.513    

   PRINCIPAL INERTIAS =    1.5383        19.212        18.913    
   ORIENTATION VECTORS OF THE INERTIA PRINCIPAL AXES IN GLOBAL CARTESIAN
     ( 0.988,-0.000, 0.152) ( 0.000, 1.000,-0.000) (-0.152, 0.000, 0.988) 


  *** MASS SUMMARY BY ELEMENT TYPE ***

  TYPE      MASS
     1  0.197138E-03
     2  0.971215E-03
     3  0.190529E-02

 Range of element maximum matrix coefficients in global coordinates
 Maximum = 163270131 at element 2706.                                    
 Minimum = 783491.32 at element 856.                                     

   *** ELEMENT MATRIX FORMULATION TIMES
     TYPE    NUMBER     ENAME   TOTAL ELAPSED   AVG ELAPSED

        1       132  SOLID186          0.0330   0.000249786
        2       473  SOLID187          0.0438   0.000092660
        3       859  SOLID187          0.0802   0.000093387
        4        24  CONTA174          0.0078   0.000324313
        5        40  TARGE170          0.0001   0.000003672
        6        24  CONTA174          0.0096   0.000398283
        7        32  TARGE170          0.0002   0.000005178
        8        54  CONTA174          0.0123   0.000228444
        9        57  TARGE170          0.0002   0.000003600
       10        14   SURF154          0.0046   0.000331607
 Elapsed Time at end of element matrix formulation = 6.1286406.          

 DISTRIBUTED SPARSE MATRIX DIRECT SOLVER.
  Number of equations =        9867,    Maximum wavefront =    258


  Memory allocated on only this MPI rank (rank     0)
  -------------------------------------------------------------------
  Equation solver memory allocated                     =    20.766 MB
  Equation solver memory required for in-core mode     =    19.969 MB
  Equation solver memory required for out-of-core mode =    11.106 MB
  Total (solver and non-solver) memory allocated       =   423.078 MB


  Total memory summed across all MPI ranks on this machines
  -------------------------------------------------------------------
  Equation solver memory allocated                     =    45.127 MB
  Equation solver memory required for in-core mode     =    43.385 MB
  Equation solver memory required for out-of-core mode =    23.112 MB
  Total (solver and non-solver) memory allocated       =   570.994 MB

 *** NOTE ***                            ELAPSED TIME =       6.283   TIME= 15:01:14
 The Distributed Sparse Matrix Solver is currently running in the        
 in-core memory mode.  This memory mode uses the most amount of memory   
 in order to avoid using the hard drive as much as possible, which most  
 often results in the fastest solution time.  This mode is recommended   
 if enough physical memory is present to accommodate all of the solver   
 data.                                                                   
 Distributed sparse solver maximum pivot= 184295945 at node 1519 UZ.     
 Distributed sparse solver minimum pivot= 134.691514 at node 747 UY.     
 Distributed sparse solver minimum pivot in absolute value= 134.691514   
 at node 747 UY.                                                         

   *** ELEMENT RESULT CALCULATION TIMES
     TYPE    NUMBER     ENAME   TOTAL ELAPSED   AVG ELAPSED

        1       132  SOLID186          0.0190   0.000143639
        2       473  SOLID187          0.0418   0.000088310
        3       859  SOLID187          0.0789   0.000091844
        4        24  CONTA174          0.0024   0.000098558
        6        24  CONTA174          0.0025   0.000105046
        8        54  CONTA174          0.0062   0.000114835
       10        14   SURF154          0.0003   0.000021857

   *** NODAL LOAD CALCULATION TIMES
     TYPE    NUMBER     ENAME   TOTAL ELAPSED   AVG ELAPSED

        1       132  SOLID186          0.0027   0.000020584
        2       473  SOLID187          0.0103   0.000021690
        3       859  SOLID187          0.0186   0.000021667
        4        24  CONTA174          0.0005   0.000019721
        6        24  CONTA174          0.0006   0.000024371
        8        54  CONTA174          0.0013   0.000023950
       10        14   SURF154          0.0000   0.000001921
 *** LOAD STEP     1   SUBSTEP     1  COMPLETED.    CUM ITER =      1
 *** TIME =   1.00000         TIME INC =   1.00000      NEW TRIANG MATRIX


 *** MAPDL BINARY FILE STATISTICS
  BUFFER SIZE USED= 16384
        0.438 MB WRITTEN ON ELEMENT SAVED DATA FILE: file0.esav
        3.188 MB WRITTEN ON ASSEMBLED MATRIX FILE: file0.full
        0.812 MB WRITTEN ON RESULTS FILE: file0.rst
 *************** Write FE CONNECTORS *********

 WRITE OUT CONSTRAINT EQUATIONS TO FILE= file.ce                                                                                                                                                                                                                                                             
 ****************************************************
 *************** FINISHED SOLVE FOR LS 1 *************

 FINISH SOLUTION PROCESSING


 ***** ROUTINE COMPLETED *****  ELAPSED TIME =         6.656



 *GET  _WALLASOL  FROM  ACTI  ITEM=TIME WALL  VALUE= 0.184907633E-02

 PRINTOUT RESUMED BY /GOP

 *** MAPDL - ENGINEERING ANALYSIS SYSTEM  RELEASE 2026 R1          26.1     ***
 Ansys Mechanical Enterprise Academic Student      
 01055371  VERSION=WINDOWS x64   15:01:15  APR 30, 2026 Elapsed Time=      6.666

 wbnew--Static Structural (B5)                                                 



          ***** MAPDL RESULTS INTERPRETATION (POST1) *****

 *** NOTE ***                            ELAPSED TIME =       6.666   TIME= 15:01:15
 Reading results into the database (SET command) will update the current 
 displacement and force boundary conditions in the database with the     
 values from the results file for that load set.  Note that any          
 subsequent solutions will use these values unless action is taken to    
 either SAVE the current values or not overwrite them (/EXIT,NOSAVE).    

 Set Encoding of XML File to:ISO-8859-1

 Set Output of XML File to:
     PARM,     ,     ,     ,     ,     ,     ,     ,     ,     ,     ,     ,
         ,     ,     ,     ,     ,     ,     ,

 DATABASE WRITTEN ON FILE  parm.xml                                                                                                                                                                                                                                                            

 EXIT THE MAPDL POST1 DATABASE PROCESSOR


 ***** ROUTINE COMPLETED *****  ELAPSED TIME =         6.668



 PRINTOUT RESUMED BY /GOP

 *GET  _WALLDONE  FROM  ACTI  ITEM=TIME WALL  VALUE= 0.185248175E-02

 PARAMETER _PREPTIME =    0.7938650000E-01

 PARAMETER _SOLVTIME =     1.149346400    

 PARAMETER _POSTTIME =    0.1225950000E-01

 PARAMETER _TOTALTIM =     1.240992400    

 *GET  _DLBRATIO  FROM  ACTI  ITEM=SOLU DLBR  VALUE=  1.04648241    

 *GET  _COMBTIME  FROM  ACTI  ITEM=SOLU COMB  VALUE= 0.154488000E-01

 *GET  _SSMODE   FROM  ACTI  ITEM=SOLU SSMM  VALUE=  2.00000000    

 *GET  _NDOFS    FROM  ACTI  ITEM=SOLU NDOF  VALUE=  9867.00000    

 *GET  _SOL_END_TIME  FROM  ACTI  ITEM=SET  TIME  VALUE=  1.00000000    

 *IF  _sol_end_time  ( =   1.00000     )  EQ  
      1.000000  ( =   1.00000     )  THEN    

 /FCLEAN COMMAND REMOVING ALL LOCAL FILES

 *ENDIF
 --- Total number of nodes = 3310
 --- Total number of elements = 1709
 --- Element load balance ratio = 1.04648241
 --- Time to combine distributed files = 1.54488E-02
 --- Sparse memory mode = 2
 --- Number of DOF = 9867

 EXIT MAPDL WITHOUT SAVING DATABASE


 NUMBER OF WARNING MESSAGES ENCOUNTERED=          2
 NUMBER OF ERROR   MESSAGES ENCOUNTERED=          0

+--------------------- M A P D L   S T A T I S T I C S ------------------------+

Release: 2026 R1            Build: 26.1       Update: UP20260202   Platform: WINDOWS x64 
Date Run: 04/30/2026   Time: 15:01     Process ID: 21300
Operating System: Windows 10  (Build: 19045)

Processor Model: Intel(R) Core(TM) i3-6100U CPU @ 2.30GHz

Compiler: Intel(R) Fortran Compiler Classic Version 2021.9  (Build: 20230302)
          Intel(R) C/C++ Compiler Classic Version 2021.9  (Build: 20230302)
          Intel(R) oneAPI Math Kernel Library Version 2024.2.3-Product Build 20250403

Number of machines requested            :    1
Total number of cores available         :    4
Number of physical cores available      :    2
Number of processes requested           :    2
Number of threads per process requested :    1
Total number of cores requested         :    2 (Distributed Memory Parallel)               
MPI Type: INTELMPI
MPI Version: Intel(R) MPI Library 2021.16 for Windows* OS


GPU Acceleration: Not Requested

Job Name: file0
Input File: dummy.dat

  Core                Machine Name   Working Directory
 -----------------------------------------------------
     0             DESKTOP-U6BRQ9B   C:\Users\MK\AppData\Local\Temp\WB_MK_20228_2\_ProjectScratch\Scr6556
     1             DESKTOP-U6BRQ9B   C:\Users\MK\AppData\Local\Temp\WB_MK_20228_2\_ProjectScratch\Scr6556
 
Latency time from master to core     1 =   48.372 microseconds
 
Communication speed from master to core     1 =  2470.95 MB/sec

Total CPU time for main thread                    :        2.4 seconds
Total CPU time summed for all threads             :        2.6 seconds

Elapsed time spent obtaining a license            :        0.5 seconds
Elapsed time spent pre-processing model (/PREP7)  :        0.1 seconds
Elapsed time spent solution - preprocessing       :        0.3 seconds
Elapsed time spent computing solution             :        0.7 seconds
   Elapsed time in element formation & assembly   :        0.2 seconds
   Elapsed time in equation solver                :        0.3 seconds
   Elapsed time in element result calculations    :        0.1 seconds
Elapsed time spent solution - postprocessing      :        0.0 seconds
Elapsed time spent post-processing model (/POST1) :        0.0 seconds
 
Equation solver used                              :            Sparse (symmetric)
Sparse direct equation solver computational rate  :        9.1 Gflops
Sparse direct equation solver effective I/O rate  :        6.1 GB/sec

Sum of disk space used on all processes           :        9.7 MB

Sum of memory used on all processes               :      108.0 MB
Sum of memory allocated on all processes          :     2496.0 MB
Physical memory available                         :         12 GB
Total amount of I/O written to disk               :        0.0 GB
Total amount of I/O read from disk                :        0.0 GB

+------------------ E N D   M A P D L   S T A T I S T I C S -------------------+


 *-----------------------------------------------------------------------------*
 |                                                                             |
 |                               RUN COMPLETED                                 |
 |                                                                             |
 |-----------------------------------------------------------------------------|
 |                                                                             |
 |  Ansys MAPDL 2026 R1         Build 26.1         UP20260202    WINDOWS x64   |
 |                                                                             |
 |-----------------------------------------------------------------------------|
 |                                                                             |
 |  Database Requested(-db)     1024 MB     Scratch Memory Requested   1024 MB |
 |  Max Database Used(Master)      3 MB     Max Scratch Used(Master)     52 MB |
 |  Max Database Used(Workers)     1 MB     Max Scratch Used(Workers)    52 MB |
 |  Sum Database Used(All)         4 MB     Sum Scratch Used(All)       104 MB |
 |                                                                             |
 |-----------------------------------------------------------------------------|
 |                                                                             |
 |        CP Time      (sec) =          2.641       Time  =  15:01:25          |
 |        Elapsed Time (sec) =         17.040       Date  =  04/30/2026        |
 |                                                                             |
 *-----------------------------------------------------------------------------*
