/BATCH  
/COM,ANSYS RELEASE 2026 R1           BUILD 26.1      UP20260202       16:08:13
/input,menust,tmp,''
/GRA,POWER
/GST,ON
/PLO,INFO,3
/GRO,CURL,ON
/CPLANE,1   
/REPLOT,RESIZE  
WPSTYLE,,,,,,,,0
/INPUT,'topology','log','F:\CoME\Forth Semester\Practice FEM\Thin-Walled Structures\Assignment\Ansys_Mechanical_APDL\',, 0  
FLST,2,5151,1,ORDE,2
FITEM,2,1   
FITEM,2,-5151   
!*  
/GO 
D,P51X,ALL,0, , , , , , , , ,   
DLIST, ALL  
FLST,2,5151,1,ORDE,2
FITEM,2,1   
FITEM,2,-5151   
DDELE,P51X,ALL  
DLIST, ALL  
KPLOT   
NPLOT   
LPLOT   
EPLOT   
FLST,2,51,1,ORDE,51 
FITEM,2,1   
FITEM,2,102 
FITEM,2,203 
FITEM,2,304 
FITEM,2,405 
FITEM,2,506 
FITEM,2,607 
FITEM,2,708 
FITEM,2,809 
FITEM,2,910 
FITEM,2,1011
FITEM,2,1112
FITEM,2,1213
FITEM,2,1314
FITEM,2,1415
FITEM,2,1516
FITEM,2,1617
FITEM,2,1718
FITEM,2,1819
FITEM,2,1920
FITEM,2,2021
FITEM,2,2122
FITEM,2,2223
FITEM,2,2324
FITEM,2,2425
FITEM,2,2526
FITEM,2,2627
FITEM,2,2728
FITEM,2,2829
FITEM,2,2930
FITEM,2,3031
FITEM,2,3132
FITEM,2,3233
FITEM,2,3334
FITEM,2,3435
FITEM,2,3536
FITEM,2,3637
FITEM,2,3738
FITEM,2,3839
FITEM,2,3940
FITEM,2,4041
FITEM,2,4142
FITEM,2,4243
FITEM,2,4344
FITEM,2,4445
FITEM,2,4546
FITEM,2,4647
FITEM,2,4748
FITEM,2,4849
FITEM,2,4950
FITEM,2,5051
!*  
/GO 
D,P51X,ALL,0, , , , , , , , ,   
FLST,2,51,1,ORDE,51 
FITEM,2,101 
FITEM,2,202 
FITEM,2,303 
FITEM,2,404 
FITEM,2,505 
FITEM,2,606 
FITEM,2,707 
FITEM,2,808 
FITEM,2,909 
FITEM,2,1010
FITEM,2,1111
FITEM,2,1212
FITEM,2,1313
FITEM,2,1414
FITEM,2,1515
FITEM,2,1616
FITEM,2,1717
FITEM,2,1818
FITEM,2,1919
FITEM,2,2020
FITEM,2,2121
FITEM,2,2222
FITEM,2,2323
FITEM,2,2424
FITEM,2,2525
FITEM,2,2626
FITEM,2,2727
FITEM,2,2828
FITEM,2,2929
FITEM,2,3030
FITEM,2,3131
FITEM,2,3232
FITEM,2,3333
FITEM,2,3434
FITEM,2,3535
FITEM,2,3636
FITEM,2,3737
FITEM,2,3838
FITEM,2,3939
FITEM,2,4040
FITEM,2,4141
FITEM,2,4242
FITEM,2,4343
FITEM,2,4444
FITEM,2,4545
FITEM,2,4646
FITEM,2,4747
FITEM,2,4848
FITEM,2,4949
FITEM,2,5050
FITEM,2,5151
/GO 
!*  
SF,P51X,PRES,-100   
FINISH  
/SOL
/STATUS,SOLU
SOLVE   
FINISH  
/POST1  
PLDISP,1
!*  
/EFACET,1   
PLNSOL, U,X, 0,1.0  
!*  
PLESOL, S,EQV, 0,1.0
!*  
/EFACET,1   
PLNSOL, S,EQV, 0,1.0
/DIST, 1 ,1.082226,1
/REP,FAST   
/DIST, 1 ,1.082226,1
/REP,FAST   
/DIST, 1 ,0.924021,1
/REP,FAST   
!*  
/EFACET,1   
PLNSOL, U,X, 1,1.0  
!*  
/EFACET,1   
PLNSOL, U,X, 0,1.0  
!*  
/EFACET,1   
PLNSOL, U,Y, 0,1.0  
FINISH  
! /EXIT,ALL 
